Traceback (most recent call last):
  File "/Users/silviags/opt/miniconda3/envs/pyqm/lib/python3.10/site-packages/jupyter_core/utils/__init__.py", line 154, in wrapped
    asyncio.get_running_loop()
RuntimeError: no running event loop

During handling of the above exception, another exception occurred:

Traceback (most recent call last):
  File "/Users/silviags/opt/miniconda3/envs/pyqm/lib/python3.10/site-packages/jupyter_cache/executors/utils.py", line 58, in single_nb_execution
    executenb(
  File "/Users/silviags/opt/miniconda3/envs/pyqm/lib/python3.10/site-packages/nbclient/client.py", line 1319, in execute
    return NotebookClient(nb=nb, resources=resources, km=km, **kwargs).execute()
  File "/Users/silviags/opt/miniconda3/envs/pyqm/lib/python3.10/site-packages/jupyter_core/utils/__init__.py", line 158, in wrapped
    return loop.run_until_complete(inner)
  File "/Users/silviags/opt/miniconda3/envs/pyqm/lib/python3.10/asyncio/base_events.py", line 649, in run_until_complete
    return future.result()
  File "/Users/silviags/opt/miniconda3/envs/pyqm/lib/python3.10/site-packages/nbclient/client.py", line 709, in async_execute
    await self.async_execute_cell(
  File "/Users/silviags/opt/miniconda3/envs/pyqm/lib/python3.10/site-packages/nbclient/client.py", line 1062, in async_execute_cell
    await self._check_raise_for_error(cell, cell_index, exec_reply)
  File "/Users/silviags/opt/miniconda3/envs/pyqm/lib/python3.10/site-packages/nbclient/client.py", line 918, in _check_raise_for_error
    raise CellExecutionError.from_cell_and_msg(cell, exec_reply_content)
nbclient.exceptions.CellExecutionError: An error occurred while executing the following cell:
------------------
from scipy.optimize import Bounds
bounds = Bounds([0.0, 1.0], [0.0, 1.0],[0.0, 1.0])

initial_guess = np.array([0.0,0.0,0.0])
result = optimize.minimize(f, initial_guess, bounds=bounds)
print(result)
------------------


[0;31m---------------------------------------------------------------------------[0m
[0;31mValueError[0m                                Traceback (most recent call last)
File [0;32m~/opt/miniconda3/envs/pyqm/lib/python3.10/site-packages/scipy/optimize/_minimize.py:1046[0m, in [0;36m_validate_bounds[0;34m(bounds, x0, meth)[0m
[1;32m   1045[0m [38;5;28;01mtry[39;00m:
[0;32m-> 1046[0m     bounds[38;5;241m.[39mlb [38;5;241m=[39m [43mnp[49m[38;5;241;43m.[39;49m[43mbroadcast_to[49m[43m([49m[43mbounds[49m[38;5;241;43m.[39;49m[43mlb[49m[43m,[49m[43m [49m[43mx0[49m[38;5;241;43m.[39;49m[43mshape[49m[43m)[49m
[1;32m   1047[0m     bounds[38;5;241m.[39mub [38;5;241m=[39m np[38;5;241m.[39mbroadcast_to(bounds[38;5;241m.[39mub, x0[38;5;241m.[39mshape)

File [0;32m~/opt/miniconda3/envs/pyqm/lib/python3.10/site-packages/numpy/lib/_stride_tricks_impl.py:410[0m, in [0;36mbroadcast_to[0;34m(array, shape, subok)[0m
[1;32m    369[0m [38;5;250m[39m[38;5;124;03m"""Broadcast an array to a new shape.[39;00m
[1;32m    370[0m 
[1;32m    371[0m [38;5;124;03mParameters[39;00m
[0;32m   (...)[0m
[1;32m    408[0m [38;5;124;03m       [1, 2, 3]])[39;00m
[1;32m    409[0m [38;5;124;03m"""[39;00m
[0;32m--> 410[0m [38;5;28;01mreturn[39;00m [43m_broadcast_to[49m[43m([49m[43marray[49m[43m,[49m[43m [49m[43mshape[49m[43m,[49m[43m [49m[43msubok[49m[38;5;241;43m=[39;49m[43msubok[49m[43m,[49m[43m [49m[43mreadonly[49m[38;5;241;43m=[39;49m[38;5;28;43;01mTrue[39;49;00m[43m)[49m

File [0;32m~/opt/miniconda3/envs/pyqm/lib/python3.10/site-packages/numpy/lib/_stride_tricks_impl.py:349[0m, in [0;36m_broadcast_to[0;34m(array, shape, subok, readonly)[0m
[1;32m    348[0m extras [38;5;241m=[39m []
[0;32m--> 349[0m it [38;5;241m=[39m [43mnp[49m[38;5;241;43m.[39;49m[43mnditer[49m[43m([49m
[1;32m    350[0m [43m    [49m[43m([49m[43marray[49m[43m,[49m[43m)[49m[43m,[49m[43m [49m[43mflags[49m[38;5;241;43m=[39;49m[43m[[49m[38;5;124;43m'[39;49m[38;5;124;43mmulti_index[39;49m[38;5;124;43m'[39;49m[43m,[49m[43m [49m[38;5;124;43m'[39;49m[38;5;124;43mrefs_ok[39;49m[38;5;124;43m'[39;49m[43m,[49m[43m [49m[38;5;124;43m'[39;49m[38;5;124;43mzerosize_ok[39;49m[38;5;124;43m'[39;49m[43m][49m[43m [49m[38;5;241;43m+[39;49m[43m [49m[43mextras[49m[43m,[49m
[1;32m    351[0m [43m    [49m[43mop_flags[49m[38;5;241;43m=[39;49m[43m[[49m[38;5;124;43m'[39;49m[38;5;124;43mreadonly[39;49m[38;5;124;43m'[39;49m[43m][49m[43m,[49m[43m [49m[43mitershape[49m[38;5;241;43m=[39;49m[43mshape[49m[43m,[49m[43m [49m[43morder[49m[38;5;241;43m=[39;49m[38;5;124;43m'[39;49m[38;5;124;43mC[39;49m[38;5;124;43m'[39;49m[43m)[49m
[1;32m    352[0m [38;5;28;01mwith[39;00m it:
[1;32m    353[0m     [38;5;66;03m# never really has writebackifcopy semantics[39;00m

[0;31mValueError[0m: operands could not be broadcast together with remapped shapes [original->remapped]: (2,)  and requested shape (3,)

The above exception was the direct cause of the following exception:

[0;31mValueError[0m                                Traceback (most recent call last)
Cell [0;32mIn[4], line 5[0m
[1;32m      2[0m bounds [38;5;241m=[39m Bounds([[38;5;241m0.0[39m, [38;5;241m1.0[39m], [[38;5;241m0.0[39m, [38;5;241m1.0[39m],[[38;5;241m0.0[39m, [38;5;241m1.0[39m])
[1;32m      4[0m initial_guess [38;5;241m=[39m np[38;5;241m.[39marray([[38;5;241m0.0[39m,[38;5;241m0.0[39m,[38;5;241m0.0[39m])
[0;32m----> 5[0m result [38;5;241m=[39m [43moptimize[49m[38;5;241;43m.[39;49m[43mminimize[49m[43m([49m[43mf[49m[43m,[49m[43m [49m[43minitial_guess[49m[43m,[49m[43m [49m[43mbounds[49m[38;5;241;43m=[39;49m[43mbounds[49m[43m)[49m
[1;32m      6[0m [38;5;28mprint[39m(result)

File [0;32m~/opt/miniconda3/envs/pyqm/lib/python3.10/site-packages/scipy/optimize/_minimize.py:671[0m, in [0;36mminimize[0;34m(fun, x0, args, method, jac, hess, hessp, bounds, constraints, tol, callback, options)[0m
[1;32m    668[0m [38;5;28;01mif[39;00m bounds [38;5;129;01mis[39;00m [38;5;129;01mnot[39;00m [38;5;28;01mNone[39;00m:
[1;32m    669[0m     [38;5;66;03m# convert to new-style bounds so we only have to consider one case[39;00m
[1;32m    670[0m     bounds [38;5;241m=[39m standardize_bounds(bounds, x0, [38;5;124m'[39m[38;5;124mnew[39m[38;5;124m'[39m)
[0;32m--> 671[0m     bounds [38;5;241m=[39m [43m_validate_bounds[49m[43m([49m[43mbounds[49m[43m,[49m[43m [49m[43mx0[49m[43m,[49m[43m [49m[43mmeth[49m[43m)[49m
[1;32m    673[0m     [38;5;28;01mif[39;00m meth [38;5;129;01min[39;00m {[38;5;124m"[39m[38;5;124mtnc[39m[38;5;124m"[39m, [38;5;124m"[39m[38;5;124mslsqp[39m[38;5;124m"[39m, [38;5;124m"[39m[38;5;124ml-bfgs-b[39m[38;5;124m"[39m}:
[1;32m    674[0m         [38;5;66;03m# These methods can't take the finite-difference derivatives they[39;00m
[1;32m    675[0m         [38;5;66;03m# need when a variable is fixed by the bounds. To avoid this issue,[39;00m
[0;32m   (...)[0m
[1;32m    680[0m 
[1;32m    681[0m         [38;5;66;03m# determine whether any variables are fixed[39;00m
[1;32m    682[0m         i_fixed [38;5;241m=[39m (bounds[38;5;241m.[39mlb [38;5;241m==[39m bounds[38;5;241m.[39mub)

File [0;32m~/opt/miniconda3/envs/pyqm/lib/python3.10/site-packages/scipy/optimize/_minimize.py:1049[0m, in [0;36m_validate_bounds[0;34m(bounds, x0, meth)[0m
[1;32m   1047[0m     bounds[38;5;241m.[39mub [38;5;241m=[39m np[38;5;241m.[39mbroadcast_to(bounds[38;5;241m.[39mub, x0[38;5;241m.[39mshape)
[1;32m   1048[0m [38;5;28;01mexcept[39;00m [38;5;167;01mException[39;00m [38;5;28;01mas[39;00m e:
[0;32m-> 1049[0m     [38;5;28;01mraise[39;00m [38;5;167;01mValueError[39;00m(msg) [38;5;28;01mfrom[39;00m[38;5;250m [39m[38;5;21;01me[39;00m
[1;32m   1051[0m [38;5;28;01mreturn[39;00m bounds

[0;31mValueError[0m: The number of bounds is not compatible with the length of `x0`.

