Traceback (most recent call last):
  File "/Users/silviags/opt/miniconda3/envs/pyqm/lib/python3.10/site-packages/jupyter_core/utils/__init__.py", line 154, in wrapped
    asyncio.get_running_loop()
RuntimeError: no running event loop

During handling of the above exception, another exception occurred:

Traceback (most recent call last):
  File "/Users/silviags/opt/miniconda3/envs/pyqm/lib/python3.10/site-packages/jupyter_cache/executors/utils.py", line 58, in single_nb_execution
    executenb(
  File "/Users/silviags/opt/miniconda3/envs/pyqm/lib/python3.10/site-packages/nbclient/client.py", line 1319, in execute
    return NotebookClient(nb=nb, resources=resources, km=km, **kwargs).execute()
  File "/Users/silviags/opt/miniconda3/envs/pyqm/lib/python3.10/site-packages/jupyter_core/utils/__init__.py", line 158, in wrapped
    return loop.run_until_complete(inner)
  File "/Users/silviags/opt/miniconda3/envs/pyqm/lib/python3.10/asyncio/base_events.py", line 649, in run_until_complete
    return future.result()
  File "/Users/silviags/opt/miniconda3/envs/pyqm/lib/python3.10/site-packages/nbclient/client.py", line 709, in async_execute
    await self.async_execute_cell(
  File "/Users/silviags/opt/miniconda3/envs/pyqm/lib/python3.10/site-packages/nbclient/client.py", line 1062, in async_execute_cell
    await self._check_raise_for_error(cell, cell_index, exec_reply)
  File "/Users/silviags/opt/miniconda3/envs/pyqm/lib/python3.10/site-packages/nbclient/client.py", line 918, in _check_raise_for_error
    raise CellExecutionError.from_cell_and_msg(cell, exec_reply_content)
nbclient.exceptions.CellExecutionError: An error occurred while executing the following cell:
------------------
steps = 1000
t = np.linspace(0,10,steps)
w = [1.0,5.0,10.0,15.0,20.0]

signal = 0
for wi in w:
    signal += np.sin(wi*t*2*np.pi)

fig = plt.figure(figsize=(16,5))
ax = fig.add_axes([.1,.1,.8,.8])

ax.plot(t,noise)
ax.set_xlabel('t')
ax.set_ylabel('Amplitude')
ax.set_xlim(t[0],t[-1])
plt.show()
------------------


[0;31m---------------------------------------------------------------------------[0m
[0;31mNameError[0m                                 Traceback (most recent call last)
Cell [0;32mIn[3], line 12[0m
[1;32m      9[0m fig [38;5;241m=[39m plt[38;5;241m.[39mfigure(figsize[38;5;241m=[39m([38;5;241m16[39m,[38;5;241m5[39m))
[1;32m     10[0m ax [38;5;241m=[39m fig[38;5;241m.[39madd_axes([[38;5;241m.1[39m,[38;5;241m.1[39m,[38;5;241m.8[39m,[38;5;241m.8[39m])
[0;32m---> 12[0m ax[38;5;241m.[39mplot(t,[43mnoise[49m)
[1;32m     13[0m ax[38;5;241m.[39mset_xlabel([38;5;124m'[39m[38;5;124mt[39m[38;5;124m'[39m)
[1;32m     14[0m ax[38;5;241m.[39mset_ylabel([38;5;124m'[39m[38;5;124mAmplitude[39m[38;5;124m'[39m)

[0;31mNameError[0m: name 'noise' is not defined

